Create directory /mnt/external/TC/alphafold3_revision/analysis_mature/08_external_structure_search/tmp_PDB_search
easy-search /mnt/external/TC/alphafold3_revision/analysis_mature/08_external_structure_search/representative_pdbs /mnt/external/TC/databases/foldseek_external/pdb/pdb /mnt/external/TC/alphafold3_revision/analysis_mature/08_external_structure_search/representatives_vs_PDB.tsv /mnt/external/TC/alphafold3_revision/analysis_mature/08_external_structure_search/tmp_PDB_search -e 10 --alignment-type 1 --max-seqs 100 --threads 64 --format-output query,target,fident,alnlen,qstart,qend,tstart,tend,qlen,tlen,qcov,tcov,alntmscore,qtmscore,ttmscore,evalue,bits,theader 

MMseqs Version:                    	10.941cd33
Seq. id. threshold                 	0
Coverage threshold                 	0
Coverage mode                      	0
Max reject                         	2147483647
Max accept                         	2147483647
Add backtrace                      	false
TMscore threshold                  	0
TMscore threshold mode             	0
TMalign hit order                  	0
TMalign fast                       	1
Preload mode                       	0
Threads                            	64
Verbosity                          	3
LDDT threshold                     	0
Sort by structure bit score        	1
Alignment type                     	1
Exact TMscore                      	0
Substitution matrix                	aa:3di.out,nucl:3di.out
Alignment mode                     	3
Alignment mode                     	0
E-value threshold                  	10
Min alignment length               	0
Seq. id. mode                      	0
Alternative alignments             	0
Max sequence length                	65535
Compositional bias                 	1
Compositional bias                 	1
Gap open cost                      	aa:10,nucl:10
Gap extension cost                 	aa:1,nucl:1
Compressed                         	0
Seed substitution matrix           	aa:3di.out,nucl:3di.out
Sensitivity                        	9.5
k-mer length                       	6
Target search mode                 	0
k-score                            	seq:2147483647,prof:2147483647
Max results per query              	100
Split database                     	0
Split mode                         	2
Split memory limit                 	0
Diagonal scoring                   	true
Exact k-mer matching               	0
Mask residues                      	0
Mask residues probability          	0.999995
Mask lower case residues           	1
Mask lower letter repeating N times	6
Minimum diagonal score             	30
Selected taxa                      	
Spaced k-mers                      	1
Spaced k-mer pattern               	
Local temporary path               	
Use GPU                            	0
Use GPU server                     	0
Wait for GPU server                	600
Prefilter mode                     	0
Exhaustive search mode             	false
Search iterations                  	1
Remove temporary files             	true
MPI runner                         	
Force restart with latest tmp      	false
Cluster search                     	0
Path to ProstT5                    	
Chain name mode                    	0
Createdb extraction mode           	0
Interface distance threshold       	8
Write mapping file                 	0
Mask b-factor threshold            	0
Coord store mode                   	2
Write lookup file                  	1
Input format                       	0
File Inclusion Regex               	.*
File Exclusion Regex               	^$
Alignment format                   	0
Format alignment output            	query,target,fident,alnlen,qstart,qend,tstart,tend,qlen,tlen,qcov,tcov,alntmscore,qtmscore,ttmscore,evalue,bits,theader
Database output                    	false
Report mode                        	2
Greedy best hits                   	false

Alignment backtraces will be computed, since they were requested by output format.
createdb /mnt/external/TC/alphafold3_revision/analysis_mature/08_external_structure_search/representative_pdbs /mnt/external/TC/alphafold3_revision/analysis_mature/08_external_structure_search/tmp_PDB_search/8284729414838061150/query --gpu 0 --chain-name-mode 0 --db-extraction-mode 0 --distance-threshold 8 --write-mapping 0 --mask-bfactor-threshold 0 --coord-store-mode 2 --write-lookup 1 --input-format 0 --file-include '.*' --file-exclude '^$' --threads 64 -v 3 

Output file: /mnt/external/TC/alphafold3_revision/analysis_mature/08_external_structure_search/tmp_PDB_search/8284729414838061150/query
[=================================================================] 26 0s 30ms
Time for merging to query_ss: 0h 0m 0s 481ms
Time for merging to query_h: 0h 0m 0s 599ms
Time for merging to query_ca: 0h 0m 0s 533ms
Time for merging to query: 0h 0m 0s 261ms
Ignore 0 out of 26.
Too short: 0, incorrect: 0, not proteins: 0.
Time for processing: 0h 0m 3s 459ms
Create directory /mnt/external/TC/alphafold3_revision/analysis_mature/08_external_structure_search/tmp_PDB_search/8284729414838061150/search_tmp
search /mnt/external/TC/alphafold3_revision/analysis_mature/08_external_structure_search/tmp_PDB_search/8284729414838061150/query /mnt/external/TC/databases/foldseek_external/pdb/pdb /mnt/external/TC/alphafold3_revision/analysis_mature/08_external_structure_search/tmp_PDB_search/8284729414838061150/result /mnt/external/TC/alphafold3_revision/analysis_mature/08_external_structure_search/tmp_PDB_search/8284729414838061150/search_tmp -a 1 --threads 64 --alignment-type 1 --alignment-mode 3 -e 10 -s 9.5 -k 6 --max-seqs 100 --remove-tmp-files 1 

prefilter /mnt/external/TC/alphafold3_revision/analysis_mature/08_external_structure_search/tmp_PDB_search/8284729414838061150/query_ss /mnt/external/TC/databases/foldseek_external/pdb/pdb_ss /mnt/external/TC/alphafold3_revision/analysis_mature/08_external_structure_search/tmp_PDB_search/8284729414838061150/search_tmp/10542440910538683747/pref --sub-mat 'aa:3di.out,nucl:3di.out' --seed-sub-mat 'aa:3di.out,nucl:3di.out' -s 9.5 -k 6 --target-search-mode 0 --k-score seq:2147483647,prof:2147483647 --alph-size aa:21,nucl:5 --max-seq-len 65535 --max-seqs 100 --split 0 --split-mode 2 --split-memory-limit 0 -c 0 --cov-mode 0 --comp-bias-corr 1 --comp-bias-corr-scale 0.15 --diag-score 1 --exact-kmer-matching 0 --mask 0 --mask-prob 0.999995 --mask-lower-case 1 --mask-n-repeat 6 --min-ungapped-score 30 --add-self-matches 0 --spaced-kmer-mode 1 --db-load-mode 0 --pca substitution:1.100,context:1.400 --pcb substitution:4.100,context:5.800 --threads 64 --compressed 0 -v 3 

Query database size: 26 type: Aminoacid
Estimated memory consumption: 2G
Target database size: 324204 type: Aminoacid
Index table k-mer threshold: 78 at k-mer size 6 
Index table: counting k-mers
[=================================================================] 324.20K 0s 662ms
Index table: Masked residues: 2549108
Index table: fill
[=================================================================] 324.20K 0s 569ms
Index statistics
Entries:          65337269
DB size:          862 MB
Avg k-mer size:   1.020895
Top 10 k-mers
    LVLVVV	69834
    VVLVVV	60313
    SVSVVV	56538
    VVSVVV	48617
    LVVVVV	46574
    SVVVVV	38775
    VVQVVV	21030
    LVSVVV	20517
    PVSVVV	17960
    VSVVVV	17094
Time for index table init: 0h 0m 1s 984ms
Process prefiltering step 1 of 1

k-mer similarity threshold: 78
Starting prefiltering scores calculation (step 1 of 1)
Query db start 1 to 26
Target db start 1 to 324204
[=================================================================] 26 0s 3ms

1395.308628 k-mers per position
480370 DB matches per sequence
2 overflows
78 sequences passed prefiltering per query sequence
100 median result list length
5 sequences with 0 size result lists
Time for merging to pref: 0h 0m 0s 104ms
Time for processing: 0h 0m 2s 711ms
structurealign /mnt/external/TC/alphafold3_revision/analysis_mature/08_external_structure_search/tmp_PDB_search/8284729414838061150/query /mnt/external/TC/databases/foldseek_external/pdb/pdb /mnt/external/TC/alphafold3_revision/analysis_mature/08_external_structure_search/tmp_PDB_search/8284729414838061150/search_tmp/10542440910538683747/pref /mnt/external/TC/alphafold3_revision/analysis_mature/08_external_structure_search/tmp_PDB_search/8284729414838061150/search_tmp/10542440910538683747/strualn --tmscore-threshold 0 --tmscore-threshold-mode 0 --lddt-threshold 0 --sort-by-structure-bits 0 --alignment-type 1 --exact-tmscore 0 --sub-mat 'aa:3di.out,nucl:3di.out' -a 1 --alignment-mode 1 --alignment-output-mode 0 --wrapped-scoring 0 -e 10 --min-seq-id 0 --min-aln-len 0 --seq-id-mode 0 --alt-ali 0 -c 0 --cov-mode 0 --max-seq-len 65535 --comp-bias-corr 1 --comp-bias-corr-scale 0.5 --max-rejected 2147483647 --max-accept 2147483647 --add-self-matches 0 --db-load-mode 0 --pca substitution:1.100,context:1.400 --pcb substitution:4.100,context:5.800 --score-bias 0 --realign 0 --realign-score-bias -0.2 --realign-max-seqs 2147483647 --corr-score-weight 0 --gap-open aa:10,nucl:10 --gap-extend aa:1,nucl:1 --zdrop 40 --threads 64 --compressed 0 -v 3 

[=================================================================] 26 0s 38ms
Time for merging to strualn: 0h 0m 0s 266ms
Time for processing: 0h 0m 1s 644ms
tmalign /mnt/external/TC/alphafold3_revision/analysis_mature/08_external_structure_search/tmp_PDB_search/8284729414838061150/query /mnt/external/TC/databases/foldseek_external/pdb/pdb /mnt/external/TC/alphafold3_revision/analysis_mature/08_external_structure_search/tmp_PDB_search/8284729414838061150/search_tmp/10542440910538683747/strualn /mnt/external/TC/alphafold3_revision/analysis_mature/08_external_structure_search/tmp_PDB_search/8284729414838061150/search_tmp/10542440910538683747/aln --min-seq-id 0 -c 0 --cov-mode 0 --max-rejected 2147483647 --max-accept 2147483647 -a 1 --add-self-matches 0 --tmscore-threshold 0 --tmscore-threshold-mode 0 --tmalign-hit-order 0 --tmalign-fast 1 --db-load-mode 0 --threads 64 -v 3 

Query database: /mnt/external/TC/alphafold3_revision/analysis_mature/08_external_structure_search/tmp_PDB_search/8284729414838061150/query
Target database: /mnt/external/TC/databases/foldseek_external/pdb/pdb
[=================================================================] 26 0s 25ms
Time for merging to aln: 0h 0m 0s 365ms
Time for processing: 0h 0m 4s 304ms
Removing temporary files
rmdb /mnt/external/TC/alphafold3_revision/analysis_mature/08_external_structure_search/tmp_PDB_search/8284729414838061150/search_tmp/10542440910538683747/strualn -v 3 

Time for processing: 0h 0m 0s 157ms
mvdb /mnt/external/TC/alphafold3_revision/analysis_mature/08_external_structure_search/tmp_PDB_search/8284729414838061150/search_tmp/10542440910538683747/aln /mnt/external/TC/alphafold3_revision/analysis_mature/08_external_structure_search/tmp_PDB_search/8284729414838061150/result -v 3 

Time for processing: 0h 0m 0s 436ms
Removing temporary files
rmdb /mnt/external/TC/alphafold3_revision/analysis_mature/08_external_structure_search/tmp_PDB_search/8284729414838061150/search_tmp/10542440910538683747/strualn -v 3 

Time for processing: 0h 0m 0s 1ms
rmdb /mnt/external/TC/alphafold3_revision/analysis_mature/08_external_structure_search/tmp_PDB_search/8284729414838061150/search_tmp/10542440910538683747/pref -v 3 

Time for processing: 0h 0m 0s 49ms
convertalis /mnt/external/TC/alphafold3_revision/analysis_mature/08_external_structure_search/tmp_PDB_search/8284729414838061150/query /mnt/external/TC/databases/foldseek_external/pdb/pdb /mnt/external/TC/alphafold3_revision/analysis_mature/08_external_structure_search/tmp_PDB_search/8284729414838061150/result /mnt/external/TC/alphafold3_revision/analysis_mature/08_external_structure_search/representatives_vs_PDB.tsv --sub-mat 'aa:3di.out,nucl:3di.out' --format-mode 0 --format-output query,target,fident,alnlen,qstart,qend,tstart,tend,qlen,tlen,qcov,tcov,alntmscore,qtmscore,ttmscore,evalue,bits,theader --translation-table 1 --gap-open aa:10,nucl:10 --gap-extend aa:1,nucl:1 --db-output 0 --db-load-mode 0 --search-type 0 --threads 64 --compressed 0 -v 3 --exact-tmscore 0 

[=================================================================] 15 0s 45ms
Time for merging to representatives_vs_PDB.tsv: 0h 0m 0s 70ms
Time for processing: 0h 0m 0s 910ms
rmdb /mnt/external/TC/alphafold3_revision/analysis_mature/08_external_structure_search/tmp_PDB_search/8284729414838061150/result -v 3 

Time for processing: 0h 0m 0s 107ms
rmdb /mnt/external/TC/alphafold3_revision/analysis_mature/08_external_structure_search/tmp_PDB_search/8284729414838061150/query -v 3 

Time for processing: 0h 0m 0s 10ms
rmdb /mnt/external/TC/alphafold3_revision/analysis_mature/08_external_structure_search/tmp_PDB_search/8284729414838061150/query_h -v 3 

Time for processing: 0h 0m 0s 7ms
rmdb /mnt/external/TC/alphafold3_revision/analysis_mature/08_external_structure_search/tmp_PDB_search/8284729414838061150/query_ca -v 3 

Time for processing: 0h 0m 0s 18ms
rmdb /mnt/external/TC/alphafold3_revision/analysis_mature/08_external_structure_search/tmp_PDB_search/8284729414838061150/query_ss -v 3 

Time for processing: 0h 0m 0s 13ms
