PyMOL command: /usr/bin/pymol -cq
Rendering MC01: gjbk00000000_1
Rendering MC02: gkjd00000000_3
Rendering MC03: gaco00000000_1
Rendering MC04: gdmq00000000_1
Rendering MC05: hydroscapha_redfordi_1
Rendering MC06: brassicogethes_aeneus_2
Rendering MC11: gfuh00000000_2
Rendering MC25: sitophilus_oryzae_2
Rendering MC10: gdnw00000000_1
Rendering MC09: gdlg00000000_1
Rendering MC13: psylliodes_chrysocephalus_2
Rendering MC23: maechidius_sp_1
Rendering MC15: eophileurus_sp_2
Rendering MC07: aphodius_scrutator_2
Rendering MC19: gkjj00000000_1
Rendering MC18: ghma00000000_3
Rendering MC21: heteronyx_sp_3
Rendering MC08: dichotomius_satanas_4
Rendering MC16: euwallacea_fornicatus_1
Rendering MC20: hbua00000000_1
Rendering MC12: lepiserica_sp_1
Rendering MC14: bolboceras_sp_1
Rendering MC26: spercheus_emarginatus_2
Rendering MC24: orphnus_sp_2
Rendering MC17: geotrupes_spiniger_2
Rendering MC22: hygrobia_hermanni_1
Structures rendered: 26 / 26

Figure 5 selected clusters:
cluster_id                candidate_id  cluster_size  mature_len  plddt_mean        functional_label     structural_label
      MC01              gjbk00000000_1            15          42   87.161429 Protease inhibitor-like    Close counterpart
      MC02              gkjd00000000_3            10          61   85.631803 Protease inhibitor-like    Close counterpart
      MC03              gaco00000000_1             9          67   50.742836 Protease inhibitor-like    Close counterpart
      MC04              gdmq00000000_1             6          36   72.608889              Unresolved    Close counterpart
      MC05      hydroscapha_redfordi_1             5          40   92.196750           Defensin-like    Close counterpart
      MC06     brassicogethes_aeneus_2             4          33   93.033637 Protease inhibitor-like    Close counterpart
      MC07        aphodius_scrutator_2             2          35   89.863714 Protease inhibitor-like Distant relationship
      MC11              gfuh00000000_2             2          24   89.810000              Unresolved    Close counterpart
      MC10              gdnw00000000_1             2          33   88.736363              Unresolved Moderate counterpart
      MC09              gdlg00000000_1             2          45   79.804222 Protease inhibitor-like Moderate counterpart
      MC13 psylliodes_chrysocephalus_2             2          65   58.573538 Protease inhibitor-like Moderate counterpart
      MC08       dichotomius_satanas_4             2          29   89.050689              Unresolved No close counterpart

Outputs:
/mnt/external/TC/alphafold3_revision/analysis_mature/13_structure_gallery/Figure_5_mature_structure_gallery.png
/mnt/external/TC/alphafold3_revision/analysis_mature/13_structure_gallery/Figure_5_mature_structure_gallery.pdf
/mnt/external/TC/alphafold3_revision/analysis_mature/13_structure_gallery/Figure_S3_all_structural_clusters.png
/mnt/external/TC/alphafold3_revision/analysis_mature/13_structure_gallery/Figure_S3_all_structural_clusters.pdf
/mnt/external/TC/alphafold3_revision/analysis_mature/13_structure_gallery/Figure_5_selected_clusters.tsv
/mnt/external/TC/alphafold3_revision/analysis_mature/13_structure_gallery/Figure_S3_all_clusters.tsv
/mnt/external/TC/alphafold3_revision/analysis_mature/13_structure_gallery/structure_gallery_report.txt
